// Jest Snapshot v1, https://goo.gl/fbAQLP

exports[`Center Form Component renders component successfully 1`] = `
ShallowWrapper {
  "length": 1,
  Symbol(enzyme.__root__): [Circular],
  Symbol(enzyme.__unrendered__): <CenterForm
    addressValue=""
    center={
      Object {
        "address": "123, Address I Like",
        "capacity": 500,
        "city": "Lagos",
        "createdAt": "2018-05-25T18:04:41.552Z",
        "facility": "Parking, Pool and 24hr security",
        "id": 15,
        "image": null,
        "name": "The Best Center",
        "updatedAt": "2018-05-25T18:04:41.552Z",
        "userId": 1,
      }
    }
    centerNameValue=""
    cityValue=""
    createCenter={[MockFunction]}
    defaultAddressValue=""
    defaultCityValue=""
    defaultFacilityValue=""
    errors={Object {}}
    facilityValue=""
    modifyOnClick={[MockFunction]}
    onChange={[MockFunction]}
    onFocus={[MockFunction]}
  />,
  Symbol(enzyme.__renderer__): Object {
    "batchedUpdates": [Function],
    "getNode": [Function],
    "render": [Function],
    "simulateEvent": [Function],
    "unmount": [Function],
  },
  Symbol(enzyme.__node__): Object {
    "instance": null,
    "key": undefined,
    "nodeType": "host",
    "props": Object {
      "children": Array [
        <h3
          className="center"
        >
          Modify Center Details
        </h3>,
        <div
          className="grey lighten-4"
          style={
            Object {
              "border": "1px solid #EEE",
              "display": "inline-block",
              "margin": "5%",
              "padding": "5%",
              "width": "80%",
            }
          }
        >
          <form
            className="formation"
          >
            <div
              className="input-field col s12"
            >
              <label
                className="active"
                htmlFor="name"
              >
                Center Name:
              </label>
              <input
                className="form-control"
                error={Object {}}
                id="name"
                name="name"
                onChange={[MockFunction]}
                onFocus={[MockFunction]}
                required={true}
                type="text"
                value=""
              />
            </div>
            <div
              className="input-field col s12"
            >
              <label
                className="active"
              >
                Address:
              </label>
              <input
                className="form-control"
                id="address"
                name="address"
                onChange={[MockFunction]}
                onFocus={[MockFunction]}
                required={true}
                type="text"
                value=""
              />
            </div>
            <div
              className="row"
            >
              <div
                className="input-field col s8"
              >
                <label
                  className="active"
                >
                  City:
                </label>
                <input
                  className="form-control"
                  id="city"
                  name="city"
                  onChange={[MockFunction]}
                  onFocus={[MockFunction]}
                  required={true}
                  type="text"
                  value=""
                />
              </div>
              <div
                className="input-field col s4"
              >
                <label
                  className="active"
                >
                  Capacity:
                </label>
                <input
                  className="form-control"
                  id="capacity"
                  name="capacity"
                  onChange={[MockFunction]}
                  onFocus={[MockFunction]}
                  required={true}
                  type="number"
                />
              </div>
            </div>
            <div
              className="row"
            >
              <div
                className="input-field col s12"
              >
                <textarea
                  className="materialize-textarea"
                  id="facility"
                  name="facility"
                  onChange={[MockFunction]}
                  onFocus={[MockFunction]}
                  value=""
                />
                <label
                  className="active"
                  htmlFor="facilities"
                >
                  Center Description/Facilities:
                </label>
              </div>
            </div>
            <div
              className="file-field input-field"
            >
              <div
                className="btn"
              >
                <span>
                  File
                </span>
                <input
                  defaultValue=""
                  name="image"
                  type="file"
                />
              </div>
              <div
                className="file-path-wrapper"
              >
                <input
                  className="file-path validate"
                  placeholder="Upload Center Picture"
                  type="text"
                />
              </div>
            </div>
            <button
              className="waves-effect waves-light btn right hoverable dark-green"
              id="update-center"
              onClick={[Function]}
              type="submit"
            >
              <i
                aria-hidden="true"
                className="large material-icons right"
              >
                 
                done
              </i>
              Update Center
            </button>
          </form>
        </div>,
      ],
      "className": "centerForm",
      "id": "modifyDiv",
    },
    "ref": null,
    "rendered": Array [
      Object {
        "instance": null,
        "key": undefined,
        "nodeType": "host",
        "props": Object {
          "children": "Modify Center Details",
          "className": "center",
        },
        "ref": null,
        "rendered": "Modify Center Details",
        "type": "h3",
      },
      Object {
        "instance": null,
        "key": undefined,
        "nodeType": "host",
        "props": Object {
          "children": <form
            className="formation"
          >
            <div
              className="input-field col s12"
            >
              <label
                className="active"
                htmlFor="name"
              >
                Center Name:
              </label>
              <input
                className="form-control"
                error={Object {}}
                id="name"
                name="name"
                onChange={[MockFunction]}
                onFocus={[MockFunction]}
                required={true}
                type="text"
                value=""
              />
            </div>
            <div
              className="input-field col s12"
            >
              <label
                className="active"
              >
                Address:
              </label>
              <input
                className="form-control"
                id="address"
                name="address"
                onChange={[MockFunction]}
                onFocus={[MockFunction]}
                required={true}
                type="text"
                value=""
              />
            </div>
            <div
              className="row"
            >
              <div
                className="input-field col s8"
              >
                <label
                  className="active"
                >
                  City:
                </label>
                <input
                  className="form-control"
                  id="city"
                  name="city"
                  onChange={[MockFunction]}
                  onFocus={[MockFunction]}
                  required={true}
                  type="text"
                  value=""
                />
              </div>
              <div
                className="input-field col s4"
              >
                <label
                  className="active"
                >
                  Capacity:
                </label>
                <input
                  className="form-control"
                  id="capacity"
                  name="capacity"
                  onChange={[MockFunction]}
                  onFocus={[MockFunction]}
                  required={true}
                  type="number"
                />
              </div>
            </div>
            <div
              className="row"
            >
              <div
                className="input-field col s12"
              >
                <textarea
                  className="materialize-textarea"
                  id="facility"
                  name="facility"
                  onChange={[MockFunction]}
                  onFocus={[MockFunction]}
                  value=""
                />
                <label
                  className="active"
                  htmlFor="facilities"
                >
                  Center Description/Facilities:
                </label>
              </div>
            </div>
            <div
              className="file-field input-field"
            >
              <div
                className="btn"
              >
                <span>
                  File
                </span>
                <input
                  defaultValue=""
                  name="image"
                  type="file"
                />
              </div>
              <div
                className="file-path-wrapper"
              >
                <input
                  className="file-path validate"
                  placeholder="Upload Center Picture"
                  type="text"
                />
              </div>
            </div>
            <button
              className="waves-effect waves-light btn right hoverable dark-green"
              id="update-center"
              onClick={[Function]}
              type="submit"
            >
              <i
                aria-hidden="true"
                className="large material-icons right"
              >
                 
                done
              </i>
              Update Center
            </button>
          </form>,
          "className": "grey lighten-4",
          "style": Object {
            "border": "1px solid #EEE",
            "display": "inline-block",
            "margin": "5%",
            "padding": "5%",
            "width": "80%",
          },
        },
        "ref": null,
        "rendered": Object {
          "instance": null,
          "key": undefined,
          "nodeType": "host",
          "props": Object {
            "children": Array [
              <div
                className="input-field col s12"
              >
                <label
                  className="active"
                  htmlFor="name"
                >
                  Center Name:
                </label>
                <input
                  className="form-control"
                  error={Object {}}
                  id="name"
                  name="name"
                  onChange={[MockFunction]}
                  onFocus={[MockFunction]}
                  required={true}
                  type="text"
                  value=""
                />
              </div>,
              <div
                className="input-field col s12"
              >
                <label
                  className="active"
                >
                  Address:
                </label>
                <input
                  className="form-control"
                  id="address"
                  name="address"
                  onChange={[MockFunction]}
                  onFocus={[MockFunction]}
                  required={true}
                  type="text"
                  value=""
                />
              </div>,
              <div
                className="row"
              >
                <div
                  className="input-field col s8"
                >
                  <label
                    className="active"
                  >
                    City:
                  </label>
                  <input
                    className="form-control"
                    id="city"
                    name="city"
                    onChange={[MockFunction]}
                    onFocus={[MockFunction]}
                    required={true}
                    type="text"
                    value=""
                  />
                </div>
                <div
                  className="input-field col s4"
                >
                  <label
                    className="active"
                  >
                    Capacity:
                  </label>
                  <input
                    className="form-control"
                    id="capacity"
                    name="capacity"
                    onChange={[MockFunction]}
                    onFocus={[MockFunction]}
                    required={true}
                    type="number"
                  />
                </div>
              </div>,
              <div
                className="row"
              >
                <div
                  className="input-field col s12"
                >
                  <textarea
                    className="materialize-textarea"
                    id="facility"
                    name="facility"
                    onChange={[MockFunction]}
                    onFocus={[MockFunction]}
                    value=""
                  />
                  <label
                    className="active"
                    htmlFor="facilities"
                  >
                    Center Description/Facilities:
                  </label>
                </div>
              </div>,
              <div
                className="file-field input-field"
              >
                <div
                  className="btn"
                >
                  <span>
                    File
                  </span>
                  <input
                    defaultValue=""
                    name="image"
                    type="file"
                  />
                </div>
                <div
                  className="file-path-wrapper"
                >
                  <input
                    className="file-path validate"
                    placeholder="Upload Center Picture"
                    type="text"
                  />
                </div>
              </div>,
              <button
                className="waves-effect waves-light btn right hoverable dark-green"
                id="update-center"
                onClick={[Function]}
                type="submit"
              >
                <i
                  aria-hidden="true"
                  className="large material-icons right"
                >
                   
                  done
                </i>
                Update Center
              </button>,
            ],
            "className": "formation",
          },
          "ref": null,
          "rendered": Array [
            Object {
              "instance": null,
              "key": undefined,
              "nodeType": "host",
              "props": Object {
                "children": Array [
                  <label
                    className="active"
                    htmlFor="name"
                  >
                    Center Name:
                  </label>,
                  <input
                    className="form-control"
                    error={Object {}}
                    id="name"
                    name="name"
                    onChange={[MockFunction]}
                    onFocus={[MockFunction]}
                    required={true}
                    type="text"
                    value=""
                  />,
                  undefined,
                ],
                "className": "input-field col s12",
              },
              "ref": null,
              "rendered": Array [
                Object {
                  "instance": null,
                  "key": undefined,
                  "nodeType": "host",
                  "props": Object {
                    "children": "Center Name:",
                    "className": "active",
                    "htmlFor": "name",
                  },
                  "ref": null,
                  "rendered": "Center Name:",
                  "type": "label",
                },
                Object {
                  "instance": null,
                  "key": undefined,
                  "nodeType": "host",
                  "props": Object {
                    "className": "form-control",
                    "error": Object {},
                    "id": "name",
                    "name": "name",
                    "onChange": [MockFunction],
                    "onFocus": [MockFunction],
                    "required": true,
                    "type": "text",
                    "value": "",
                  },
                  "ref": null,
                  "rendered": null,
                  "type": "input",
                },
                undefined,
              ],
              "type": "div",
            },
            Object {
              "instance": null,
              "key": undefined,
              "nodeType": "host",
              "props": Object {
                "children": Array [
                  <label
                    className="active"
                  >
                    Address:
                  </label>,
                  <input
                    className="form-control"
                    id="address"
                    name="address"
                    onChange={[MockFunction]}
                    onFocus={[MockFunction]}
                    required={true}
                    type="text"
                    value=""
                  />,
                ],
                "className": "input-field col s12",
              },
              "ref": null,
              "rendered": Array [
                Object {
                  "instance": null,
                  "key": undefined,
                  "nodeType": "host",
                  "props": Object {
                    "children": "Address:",
                    "className": "active",
                  },
                  "ref": null,
                  "rendered": "Address:",
                  "type": "label",
                },
                Object {
                  "instance": null,
                  "key": undefined,
                  "nodeType": "host",
                  "props": Object {
                    "className": "form-control",
                    "id": "address",
                    "name": "address",
                    "onChange": [MockFunction],
                    "onFocus": [MockFunction],
                    "required": true,
                    "type": "text",
                    "value": "",
                  },
                  "ref": null,
                  "rendered": null,
                  "type": "input",
                },
              ],
              "type": "div",
            },
            Object {
              "instance": null,
              "key": undefined,
              "nodeType": "host",
              "props": Object {
                "children": Array [
                  <div
                    className="input-field col s8"
                  >
                    <label
                      className="active"
                    >
                      City:
                    </label>
                    <input
                      className="form-control"
                      id="city"
                      name="city"
                      onChange={[MockFunction]}
                      onFocus={[MockFunction]}
                      required={true}
                      type="text"
                      value=""
                    />
                  </div>,
                  <div
                    className="input-field col s4"
                  >
                    <label
                      className="active"
                    >
                      Capacity:
                    </label>
                    <input
                      className="form-control"
                      id="capacity"
                      name="capacity"
                      onChange={[MockFunction]}
                      onFocus={[MockFunction]}
                      required={true}
                      type="number"
                    />
                  </div>,
                ],
                "className": "row",
              },
              "ref": null,
              "rendered": Array [
                Object {
                  "instance": null,
                  "key": undefined,
                  "nodeType": "host",
                  "props": Object {
                    "children": Array [
                      <label
                        className="active"
                      >
                        City:
                      </label>,
                      <input
                        className="form-control"
                        id="city"
                        name="city"
                        onChange={[MockFunction]}
                        onFocus={[MockFunction]}
                        required={true}
                        type="text"
                        value=""
                      />,
                    ],
                    "className": "input-field col s8",
                  },
                  "ref": null,
                  "rendered": Array [
                    Object {
                      "instance": null,
                      "key": undefined,
                      "nodeType": "host",
                      "props": Object {
                        "children": "City:",
                        "className": "active",
                      },
                      "ref": null,
                      "rendered": "City:",
                      "type": "label",
                    },
                    Object {
                      "instance": null,
                      "key": undefined,
                      "nodeType": "host",
                      "props": Object {
                        "className": "form-control",
                        "id": "city",
                        "name": "city",
                        "onChange": [MockFunction],
                        "onFocus": [MockFunction],
                        "required": true,
                        "type": "text",
                        "value": "",
                      },
                      "ref": null,
                      "rendered": null,
                      "type": "input",
                    },
                  ],
                  "type": "div",
                },
                Object {
                  "instance": null,
                  "key": undefined,
                  "nodeType": "host",
                  "props": Object {
                    "children": Array [
                      <label
                        className="active"
                      >
                        Capacity:
                      </label>,
                      <input
                        className="form-control"
                        id="capacity"
                        name="capacity"
                        onChange={[MockFunction]}
                        onFocus={[MockFunction]}
                        required={true}
                        type="number"
                      />,
                    ],
                    "className": "input-field col s4",
                  },
                  "ref": null,
                  "rendered": Array [
                    Object {
                      "instance": null,
                      "key": undefined,
                      "nodeType": "host",
                      "props": Object {
                        "children": "Capacity:",
                        "className": "active",
                      },
                      "ref": null,
                      "rendered": "Capacity:",
                      "type": "label",
                    },
                    Object {
                      "instance": null,
                      "key": undefined,
                      "nodeType": "host",
                      "props": Object {
                        "className": "form-control",
                        "id": "capacity",
                        "name": "capacity",
                        "onChange": [MockFunction],
                        "onFocus": [MockFunction],
                        "required": true,
                        "type": "number",
                        "value": undefined,
                      },
                      "ref": null,
                      "rendered": null,
                      "type": "input",
                    },
                  ],
                  "type": "div",
                },
              ],
              "type": "div",
            },
            Object {
              "instance": null,
              "key": undefined,
              "nodeType": "host",
              "props": Object {
                "children": <div
                  className="input-field col s12"
                >
                  <textarea
                    className="materialize-textarea"
                    id="facility"
                    name="facility"
                    onChange={[MockFunction]}
                    onFocus={[MockFunction]}
                    value=""
                  />
                  <label
                    className="active"
                    htmlFor="facilities"
                  >
                    Center Description/Facilities:
                  </label>
                </div>,
                "className": "row",
              },
              "ref": null,
              "rendered": Object {
                "instance": null,
                "key": undefined,
                "nodeType": "host",
                "props": Object {
                  "children": Array [
                    <textarea
                      className="materialize-textarea"
                      id="facility"
                      name="facility"
                      onChange={[MockFunction]}
                      onFocus={[MockFunction]}
                      value=""
                    />,
                    <label
                      className="active"
                      htmlFor="facilities"
                    >
                      Center Description/Facilities:
                    </label>,
                  ],
                  "className": "input-field col s12",
                },
                "ref": null,
                "rendered": Array [
                  Object {
                    "instance": null,
                    "key": undefined,
                    "nodeType": "host",
                    "props": Object {
                      "className": "materialize-textarea",
                      "id": "facility",
                      "name": "facility",
                      "onChange": [MockFunction],
                      "onFocus": [MockFunction],
                      "value": "",
                    },
                    "ref": null,
                    "rendered": null,
                    "type": "textarea",
                  },
                  Object {
                    "instance": null,
                    "key": undefined,
                    "nodeType": "host",
                    "props": Object {
                      "children": "Center Description/Facilities:",
                      "className": "active",
                      "htmlFor": "facilities",
                    },
                    "ref": null,
                    "rendered": "Center Description/Facilities:",
                    "type": "label",
                  },
                ],
                "type": "div",
              },
              "type": "div",
            },
            Object {
              "instance": null,
              "key": undefined,
              "nodeType": "host",
              "props": Object {
                "children": Array [
                  <div
                    className="btn"
                  >
                    <span>
                      File
                    </span>
                    <input
                      defaultValue=""
                      name="image"
                      type="file"
                    />
                  </div>,
                  <div
                    className="file-path-wrapper"
                  >
                    <input
                      className="file-path validate"
                      placeholder="Upload Center Picture"
                      type="text"
                    />
                  </div>,
                ],
                "className": "file-field input-field",
              },
              "ref": null,
              "rendered": Array [
                Object {
                  "instance": null,
                  "key": undefined,
                  "nodeType": "host",
                  "props": Object {
                    "children": Array [
                      <span>
                        File
                      </span>,
                      <input
                        defaultValue=""
                        name="image"
                        type="file"
                      />,
                    ],
                    "className": "btn",
                  },
                  "ref": null,
                  "rendered": Array [
                    Object {
                      "instance": null,
                      "key": undefined,
                      "nodeType": "host",
                      "props": Object {
                        "children": "File",
                      },
                      "ref": null,
                      "rendered": "File",
                      "type": "span",
                    },
                    Object {
                      "instance": null,
                      "key": undefined,
                      "nodeType": "host",
                      "props": Object {
                        "defaultValue": "",
                        "name": "image",
                        "onChange": undefined,
                        "type": "file",
                      },
                      "ref": null,
                      "rendered": null,
                      "type": "input",
                    },
                  ],
                  "type": "div",
                },
                Object {
                  "instance": null,
                  "key": undefined,
                  "nodeType": "host",
                  "props": Object {
                    "children": <input
                      className="file-path validate"
                      placeholder="Upload Center Picture"
                      type="text"
                    />,
                    "className": "file-path-wrapper",
                  },
                  "ref": null,
                  "rendered": Object {
                    "instance": null,
                    "key": undefined,
                    "nodeType": "host",
                    "props": Object {
                      "className": "file-path validate",
                      "placeholder": "Upload Center Picture",
                      "type": "text",
                    },
                    "ref": null,
                    "rendered": null,
                    "type": "input",
                  },
                  "type": "div",
                },
              ],
              "type": "div",
            },
            Object {
              "instance": null,
              "key": undefined,
              "nodeType": "host",
              "props": Object {
                "children": Array [
                  <i
                    aria-hidden="true"
                    className="large material-icons right"
                  >
                     
                    done
                  </i>,
                  "Update Center",
                ],
                "className": "waves-effect waves-light btn right hoverable dark-green",
                "id": "update-center",
                "onClick": [Function],
                "type": "submit",
              },
              "ref": null,
              "rendered": Array [
                Object {
                  "instance": null,
                  "key": undefined,
                  "nodeType": "host",
                  "props": Object {
                    "aria-hidden": "true",
                    "children": Array [
                      " ",
                      "done",
                    ],
                    "className": "large material-icons right",
                  },
                  "ref": null,
                  "rendered": Array [
                    " ",
                    "done",
                  ],
                  "type": "i",
                },
                "Update Center",
              ],
              "type": "button",
            },
          ],
          "type": "form",
        },
        "type": "div",
      },
    ],
    "type": "div",
  },
  Symbol(enzyme.__nodes__): Array [
    Object {
      "instance": null,
      "key": undefined,
      "nodeType": "host",
      "props": Object {
        "children": Array [
          <h3
            className="center"
          >
            Modify Center Details
          </h3>,
          <div
            className="grey lighten-4"
            style={
              Object {
                "border": "1px solid #EEE",
                "display": "inline-block",
                "margin": "5%",
                "padding": "5%",
                "width": "80%",
              }
            }
          >
            <form
              className="formation"
            >
              <div
                className="input-field col s12"
              >
                <label
                  className="active"
                  htmlFor="name"
                >
                  Center Name:
                </label>
                <input
                  className="form-control"
                  error={Object {}}
                  id="name"
                  name="name"
                  onChange={[MockFunction]}
                  onFocus={[MockFunction]}
                  required={true}
                  type="text"
                  value=""
                />
              </div>
              <div
                className="input-field col s12"
              >
                <label
                  className="active"
                >
                  Address:
                </label>
                <input
                  className="form-control"
                  id="address"
                  name="address"
                  onChange={[MockFunction]}
                  onFocus={[MockFunction]}
                  required={true}
                  type="text"
                  value=""
                />
              </div>
              <div
                className="row"
              >
                <div
                  className="input-field col s8"
                >
                  <label
                    className="active"
                  >
                    City:
                  </label>
                  <input
                    className="form-control"
                    id="city"
                    name="city"
                    onChange={[MockFunction]}
                    onFocus={[MockFunction]}
                    required={true}
                    type="text"
                    value=""
                  />
                </div>
                <div
                  className="input-field col s4"
                >
                  <label
                    className="active"
                  >
                    Capacity:
                  </label>
                  <input
                    className="form-control"
                    id="capacity"
                    name="capacity"
                    onChange={[MockFunction]}
                    onFocus={[MockFunction]}
                    required={true}
                    type="number"
                  />
                </div>
              </div>
              <div
                className="row"
              >
                <div
                  className="input-field col s12"
                >
                  <textarea
                    className="materialize-textarea"
                    id="facility"
                    name="facility"
                    onChange={[MockFunction]}
                    onFocus={[MockFunction]}
                    value=""
                  />
                  <label
                    className="active"
                    htmlFor="facilities"
                  >
                    Center Description/Facilities:
                  </label>
                </div>
              </div>
              <div
                className="file-field input-field"
              >
                <div
                  className="btn"
                >
                  <span>
                    File
                  </span>
                  <input
                    defaultValue=""
                    name="image"
                    type="file"
                  />
                </div>
                <div
                  className="file-path-wrapper"
                >
                  <input
                    className="file-path validate"
                    placeholder="Upload Center Picture"
                    type="text"
                  />
                </div>
              </div>
              <button
                className="waves-effect waves-light btn right hoverable dark-green"
                id="update-center"
                onClick={[Function]}
                type="submit"
              >
                <i
                  aria-hidden="true"
                  className="large material-icons right"
                >
                   
                  done
                </i>
                Update Center
              </button>
            </form>
          </div>,
        ],
        "className": "centerForm",
        "id": "modifyDiv",
      },
      "ref": null,
      "rendered": Array [
        Object {
          "instance": null,
          "key": undefined,
          "nodeType": "host",
          "props": Object {
            "children": "Modify Center Details",
            "className": "center",
          },
          "ref": null,
          "rendered": "Modify Center Details",
          "type": "h3",
        },
        Object {
          "instance": null,
          "key": undefined,
          "nodeType": "host",
          "props": Object {
            "children": <form
              className="formation"
            >
              <div
                className="input-field col s12"
              >
                <label
                  className="active"
                  htmlFor="name"
                >
                  Center Name:
                </label>
                <input
                  className="form-control"
                  error={Object {}}
                  id="name"
                  name="name"
                  onChange={[MockFunction]}
                  onFocus={[MockFunction]}
                  required={true}
                  type="text"
                  value=""
                />
              </div>
              <div
                className="input-field col s12"
              >
                <label
                  className="active"
                >
                  Address:
                </label>
                <input
                  className="form-control"
                  id="address"
                  name="address"
                  onChange={[MockFunction]}
                  onFocus={[MockFunction]}
                  required={true}
                  type="text"
                  value=""
                />
              </div>
              <div
                className="row"
              >
                <div
                  className="input-field col s8"
                >
                  <label
                    className="active"
                  >
                    City:
                  </label>
                  <input
                    className="form-control"
                    id="city"
                    name="city"
                    onChange={[MockFunction]}
                    onFocus={[MockFunction]}
                    required={true}
                    type="text"
                    value=""
                  />
                </div>
                <div
                  className="input-field col s4"
                >
                  <label
                    className="active"
                  >
                    Capacity:
                  </label>
                  <input
                    className="form-control"
                    id="capacity"
                    name="capacity"
                    onChange={[MockFunction]}
                    onFocus={[MockFunction]}
                    required={true}
                    type="number"
                  />
                </div>
              </div>
              <div
                className="row"
              >
                <div
                  className="input-field col s12"
                >
                  <textarea
                    className="materialize-textarea"
                    id="facility"
                    name="facility"
                    onChange={[MockFunction]}
                    onFocus={[MockFunction]}
                    value=""
                  />
                  <label
                    className="active"
                    htmlFor="facilities"
                  >
                    Center Description/Facilities:
                  </label>
                </div>
              </div>
              <div
                className="file-field input-field"
              >
                <div
                  className="btn"
                >
                  <span>
                    File
                  </span>
                  <input
                    defaultValue=""
                    name="image"
                    type="file"
                  />
                </div>
                <div
                  className="file-path-wrapper"
                >
                  <input
                    className="file-path validate"
                    placeholder="Upload Center Picture"
                    type="text"
                  />
                </div>
              </div>
              <button
                className="waves-effect waves-light btn right hoverable dark-green"
                id="update-center"
                onClick={[Function]}
                type="submit"
              >
                <i
                  aria-hidden="true"
                  className="large material-icons right"
                >
                   
                  done
                </i>
                Update Center
              </button>
            </form>,
            "className": "grey lighten-4",
            "style": Object {
              "border": "1px solid #EEE",
              "display": "inline-block",
              "margin": "5%",
              "padding": "5%",
              "width": "80%",
            },
          },
          "ref": null,
          "rendered": Object {
            "instance": null,
            "key": undefined,
            "nodeType": "host",
            "props": Object {
              "children": Array [
                <div
                  className="input-field col s12"
                >
                  <label
                    className="active"
                    htmlFor="name"
                  >
                    Center Name:
                  </label>
                  <input
                    className="form-control"
                    error={Object {}}
                    id="name"
                    name="name"
                    onChange={[MockFunction]}
                    onFocus={[MockFunction]}
                    required={true}
                    type="text"
                    value=""
                  />
                </div>,
                <div
                  className="input-field col s12"
                >
                  <label
                    className="active"
                  >
                    Address:
                  </label>
                  <input
                    className="form-control"
                    id="address"
                    name="address"
                    onChange={[MockFunction]}
                    onFocus={[MockFunction]}
                    required={true}
                    type="text"
                    value=""
                  />
                </div>,
                <div
                  className="row"
                >
                  <div
                    className="input-field col s8"
                  >
                    <label
                      className="active"
                    >
                      City:
                    </label>
                    <input
                      className="form-control"
                      id="city"
                      name="city"
                      onChange={[MockFunction]}
                      onFocus={[MockFunction]}
                      required={true}
                      type="text"
                      value=""
                    />
                  </div>
                  <div
                    className="input-field col s4"
                  >
                    <label
                      className="active"
                    >
                      Capacity:
                    </label>
                    <input
                      className="form-control"
                      id="capacity"
                      name="capacity"
                      onChange={[MockFunction]}
                      onFocus={[MockFunction]}
                      required={true}
                      type="number"
                    />
                  </div>
                </div>,
                <div
                  className="row"
                >
                  <div
                    className="input-field col s12"
                  >
                    <textarea
                      className="materialize-textarea"
                      id="facility"
                      name="facility"
                      onChange={[MockFunction]}
                      onFocus={[MockFunction]}
                      value=""
                    />
                    <label
                      className="active"
                      htmlFor="facilities"
                    >
                      Center Description/Facilities:
                    </label>
                  </div>
                </div>,
                <div
                  className="file-field input-field"
                >
                  <div
                    className="btn"
                  >
                    <span>
                      File
                    </span>
                    <input
                      defaultValue=""
                      name="image"
                      type="file"
                    />
                  </div>
                  <div
                    className="file-path-wrapper"
                  >
                    <input
                      className="file-path validate"
                      placeholder="Upload Center Picture"
                      type="text"
                    />
                  </div>
                </div>,
                <button
                  className="waves-effect waves-light btn right hoverable dark-green"
                  id="update-center"
                  onClick={[Function]}
                  type="submit"
                >
                  <i
                    aria-hidden="true"
                    className="large material-icons right"
                  >
                     
                    done
                  </i>
                  Update Center
                </button>,
              ],
              "className": "formation",
            },
            "ref": null,
            "rendered": Array [
              Object {
                "instance": null,
                "key": undefined,
                "nodeType": "host",
                "props": Object {
                  "children": Array [
                    <label
                      className="active"
                      htmlFor="name"
                    >
                      Center Name:
                    </label>,
                    <input
                      className="form-control"
                      error={Object {}}
                      id="name"
                      name="name"
                      onChange={[MockFunction]}
                      onFocus={[MockFunction]}
                      required={true}
                      type="text"
                      value=""
                    />,
                    undefined,
                  ],
                  "className": "input-field col s12",
                },
                "ref": null,
                "rendered": Array [
                  Object {
                    "instance": null,
                    "key": undefined,
                    "nodeType": "host",
                    "props": Object {
                      "children": "Center Name:",
                      "className": "active",
                      "htmlFor": "name",
                    },
                    "ref": null,
                    "rendered": "Center Name:",
                    "type": "label",
                  },
                  Object {
                    "instance": null,
                    "key": undefined,
                    "nodeType": "host",
                    "props": Object {
                      "className": "form-control",
                      "error": Object {},
                      "id": "name",
                      "name": "name",
                      "onChange": [MockFunction],
                      "onFocus": [MockFunction],
                      "required": true,
                      "type": "text",
                      "value": "",
                    },
                    "ref": null,
                    "rendered": null,
                    "type": "input",
                  },
                  undefined,
                ],
                "type": "div",
              },
              Object {
                "instance": null,
                "key": undefined,
                "nodeType": "host",
                "props": Object {
                  "children": Array [
                    <label
                      className="active"
                    >
                      Address:
                    </label>,
                    <input
                      className="form-control"
                      id="address"
                      name="address"
                      onChange={[MockFunction]}
                      onFocus={[MockFunction]}
                      required={true}
                      type="text"
                      value=""
                    />,
                  ],
                  "className": "input-field col s12",
                },
                "ref": null,
                "rendered": Array [
                  Object {
                    "instance": null,
                    "key": undefined,
                    "nodeType": "host",
                    "props": Object {
                      "children": "Address:",
                      "className": "active",
                    },
                    "ref": null,
                    "rendered": "Address:",
                    "type": "label",
                  },
                  Object {
                    "instance": null,
                    "key": undefined,
                    "nodeType": "host",
                    "props": Object {
                      "className": "form-control",
                      "id": "address",
                      "name": "address",
                      "onChange": [MockFunction],
                      "onFocus": [MockFunction],
                      "required": true,
                      "type": "text",
                      "value": "",
                    },
                    "ref": null,
                    "rendered": null,
                    "type": "input",
                  },
                ],
                "type": "div",
              },
              Object {
                "instance": null,
                "key": undefined,
                "nodeType": "host",
                "props": Object {
                  "children": Array [
                    <div
                      className="input-field col s8"
                    >
                      <label
                        className="active"
                      >
                        City:
                      </label>
                      <input
                        className="form-control"
                        id="city"
                        name="city"
                        onChange={[MockFunction]}
                        onFocus={[MockFunction]}
                        required={true}
                        type="text"
                        value=""
                      />
                    </div>,
                    <div
                      className="input-field col s4"
                    >
                      <label
                        className="active"
                      >
                        Capacity:
                      </label>
                      <input
                        className="form-control"
                        id="capacity"
                        name="capacity"
                        onChange={[MockFunction]}
                        onFocus={[MockFunction]}
                        required={true}
                        type="number"
                      />
                    </div>,
                  ],
                  "className": "row",
                },
                "ref": null,
                "rendered": Array [
                  Object {
                    "instance": null,
                    "key": undefined,
                    "nodeType": "host",
                    "props": Object {
                      "children": Array [
                        <label
                          className="active"
                        >
                          City:
                        </label>,
                        <input
                          className="form-control"
                          id="city"
                          name="city"
                          onChange={[MockFunction]}
                          onFocus={[MockFunction]}
                          required={true}
                          type="text"
                          value=""
                        />,
                      ],
                      "className": "input-field col s8",
                    },
                    "ref": null,
                    "rendered": Array [
                      Object {
                        "instance": null,
                        "key": undefined,
                        "nodeType": "host",
                        "props": Object {
                          "children": "City:",
                          "className": "active",
                        },
                        "ref": null,
                        "rendered": "City:",
                        "type": "label",
                      },
                      Object {
                        "instance": null,
                        "key": undefined,
                        "nodeType": "host",
                        "props": Object {
                          "className": "form-control",
                          "id": "city",
                          "name": "city",
                          "onChange": [MockFunction],
                          "onFocus": [MockFunction],
                          "required": true,
                          "type": "text",
                          "value": "",
                        },
                        "ref": null,
                        "rendered": null,
                        "type": "input",
                      },
                    ],
                    "type": "div",
                  },
                  Object {
                    "instance": null,
                    "key": undefined,
                    "nodeType": "host",
                    "props": Object {
                      "children": Array [
                        <label
                          className="active"
                        >
                          Capacity:
                        </label>,
                        <input
                          className="form-control"
                          id="capacity"
                          name="capacity"
                          onChange={[MockFunction]}
                          onFocus={[MockFunction]}
                          required={true}
                          type="number"
                        />,
                      ],
                      "className": "input-field col s4",
                    },
                    "ref": null,
                    "rendered": Array [
                      Object {
                        "instance": null,
                        "key": undefined,
                        "nodeType": "host",
                        "props": Object {
                          "children": "Capacity:",
                          "className": "active",
                        },
                        "ref": null,
                        "rendered": "Capacity:",
                        "type": "label",
                      },
                      Object {
                        "instance": null,
                        "key": undefined,
                        "nodeType": "host",
                        "props": Object {
                          "className": "form-control",
                          "id": "capacity",
                          "name": "capacity",
                          "onChange": [MockFunction],
                          "onFocus": [MockFunction],
                          "required": true,
                          "type": "number",
                          "value": undefined,
                        },
                        "ref": null,
                        "rendered": null,
                        "type": "input",
                      },
                    ],
                    "type": "div",
                  },
                ],
                "type": "div",
              },
              Object {
                "instance": null,
                "key": undefined,
                "nodeType": "host",
                "props": Object {
                  "children": <div
                    className="input-field col s12"
                  >
                    <textarea
                      className="materialize-textarea"
                      id="facility"
                      name="facility"
                      onChange={[MockFunction]}
                      onFocus={[MockFunction]}
                      value=""
                    />
                    <label
                      className="active"
                      htmlFor="facilities"
                    >
                      Center Description/Facilities:
                    </label>
                  </div>,
                  "className": "row",
                },
                "ref": null,
                "rendered": Object {
                  "instance": null,
                  "key": undefined,
                  "nodeType": "host",
                  "props": Object {
                    "children": Array [
                      <textarea
                        className="materialize-textarea"
                        id="facility"
                        name="facility"
                        onChange={[MockFunction]}
                        onFocus={[MockFunction]}
                        value=""
                      />,
                      <label
                        className="active"
                        htmlFor="facilities"
                      >
                        Center Description/Facilities:
                      </label>,
                    ],
                    "className": "input-field col s12",
                  },
                  "ref": null,
                  "rendered": Array [
                    Object {
                      "instance": null,
                      "key": undefined,
                      "nodeType": "host",
                      "props": Object {
                        "className": "materialize-textarea",
                        "id": "facility",
                        "name": "facility",
                        "onChange": [MockFunction],
                        "onFocus": [MockFunction],
                        "value": "",
                      },
                      "ref": null,
                      "rendered": null,
                      "type": "textarea",
                    },
                    Object {
                      "instance": null,
                      "key": undefined,
                      "nodeType": "host",
                      "props": Object {
                        "children": "Center Description/Facilities:",
                        "className": "active",
                        "htmlFor": "facilities",
                      },
                      "ref": null,
                      "rendered": "Center Description/Facilities:",
                      "type": "label",
                    },
                  ],
                  "type": "div",
                },
                "type": "div",
              },
              Object {
                "instance": null,
                "key": undefined,
                "nodeType": "host",
                "props": Object {
                  "children": Array [
                    <div
                      className="btn"
                    >
                      <span>
                        File
                      </span>
                      <input
                        defaultValue=""
                        name="image"
                        type="file"
                      />
                    </div>,
                    <div
                      className="file-path-wrapper"
                    >
                      <input
                        className="file-path validate"
                        placeholder="Upload Center Picture"
                        type="text"
                      />
                    </div>,
                  ],
                  "className": "file-field input-field",
                },
                "ref": null,
                "rendered": Array [
                  Object {
                    "instance": null,
                    "key": undefined,
                    "nodeType": "host",
                    "props": Object {
                      "children": Array [
                        <span>
                          File
                        </span>,
                        <input
                          defaultValue=""
                          name="image"
                          type="file"
                        />,
                      ],
                      "className": "btn",
                    },
                    "ref": null,
                    "rendered": Array [
                      Object {
                        "instance": null,
                        "key": undefined,
                        "nodeType": "host",
                        "props": Object {
                          "children": "File",
                        },
                        "ref": null,
                        "rendered": "File",
                        "type": "span",
                      },
                      Object {
                        "instance": null,
                        "key": undefined,
                        "nodeType": "host",
                        "props": Object {
                          "defaultValue": "",
                          "name": "image",
                          "onChange": undefined,
                          "type": "file",
                        },
                        "ref": null,
                        "rendered": null,
                        "type": "input",
                      },
                    ],
                    "type": "div",
                  },
                  Object {
                    "instance": null,
                    "key": undefined,
                    "nodeType": "host",
                    "props": Object {
                      "children": <input
                        className="file-path validate"
                        placeholder="Upload Center Picture"
                        type="text"
                      />,
                      "className": "file-path-wrapper",
                    },
                    "ref": null,
                    "rendered": Object {
                      "instance": null,
                      "key": undefined,
                      "nodeType": "host",
                      "props": Object {
                        "className": "file-path validate",
                        "placeholder": "Upload Center Picture",
                        "type": "text",
                      },
                      "ref": null,
                      "rendered": null,
                      "type": "input",
                    },
                    "type": "div",
                  },
                ],
                "type": "div",
              },
              Object {
                "instance": null,
                "key": undefined,
                "nodeType": "host",
                "props": Object {
                  "children": Array [
                    <i
                      aria-hidden="true"
                      className="large material-icons right"
                    >
                       
                      done
                    </i>,
                    "Update Center",
                  ],
                  "className": "waves-effect waves-light btn right hoverable dark-green",
                  "id": "update-center",
                  "onClick": [Function],
                  "type": "submit",
                },
                "ref": null,
                "rendered": Array [
                  Object {
                    "instance": null,
                    "key": undefined,
                    "nodeType": "host",
                    "props": Object {
                      "aria-hidden": "true",
                      "children": Array [
                        " ",
                        "done",
                      ],
                      "className": "large material-icons right",
                    },
                    "ref": null,
                    "rendered": Array [
                      " ",
                      "done",
                    ],
                    "type": "i",
                  },
                  "Update Center",
                ],
                "type": "button",
              },
            ],
            "type": "form",
          },
          "type": "div",
        },
      ],
      "type": "div",
    },
  ],
  Symbol(enzyme.__options__): Object {
    "adapter": ReactSixteenAdapter {
      "options": Object {
        "enableComponentDidUpdateOnSetState": true,
      },
    },
  },
}
`;
